// Jest Snapshot v1, https://goo.gl/fbAQLP

exports[`MainDetails Costs module renders 1`] = `
<div
  className="mt-5 d-flex flex-wrap w-100 justify-content-stretch"
>
  <div
    className="d-flex flex-wrap col m-2  main-details"
  >
    <strong
      id="type"
    >
      Type:
    </strong>
     
  </div>
  <div
    className="d-flex flex-wrap col m-2  main-details"
  >
    <strong
      id="kind"
    >
      Kind:
    </strong>
     
  </div>
  <div
    className="d-flex flex-wrap col m-2  main-details"
  >
    <strong
      id="deposit"
    >
      Deposit:
    </strong>
     
  </div>
  <div
    className="d-flex flex-wrap col m-2  main-details"
  >
    <strong
      id="estimatedbills"
    >
      Estimated Bills:
    </strong>
     
  </div>
  <div
    className="d-flex flex-wrap col m-2  main-details"
  >
    <strong
      id="minimumstaymonths"
    >
      Minimum Stay:
    </strong>
     
     Months
  </div>
  <div
    className="d-flex flex-wrap col m-2  main-details"
  >
    <strong
      id="maxbookabledays"
    >
      Maximum Bookbale Days:
    </strong>
     
     days
  </div>
  <div
    className="d-flex flex-wrap col m-2  main-details"
  >
    <strong
      id="moveinwindow"
    >
      Move-In Window:
    </strong>
     
    0
     days
  </div>
  <div
    className="d-flex flex-wrap col m-2  main-details"
  >
    <strong
      id="currentoccupancy"
    >
      Current Occupants:
    </strong>
     
    0
  </div>
  <div
    className="d-flex flex-wrap col m-2  main-details"
  >
    <strong
      id="minage"
    >
      Min Age:
    </strong>
     
    0
  </div>
  <div
    className="d-flex flex-wrap col m-2  main-details"
  >
    <strong
      id="maxage"
    >
      Max Age:
    </strong>
     
    0
  </div>
  <div
    className="d-flex flex-wrap col m-2  main-details"
  >
    <strong
      id="preferredgender"
    >
      Preferred Gender:
    </strong>
     
  </div>
  <div
    className="d-flex flex-wrap col m-2  main-details"
  >
    <strong
      id="alias"
    >
      Alias:
    </strong>
     
  </div>
  <div
    className="d-flex flex-wrap col m-2  main-details"
  >
    <strong
      id="externalreference"
    >
      External Reference:
    </strong>
     
  </div>
  <ExtraData />
</div>
`;
